\BOOKMARK [0][-]{chapter.1}{\376\377\000I\000n\000t\000r\000o\000d\000u\000c\000t\000i\000o\000n}{}% 1
\BOOKMARK [1][-]{section.1.1}{\376\377\000P\000e\000p\000t\000i\000d\000e\000s}{chapter.1}% 2
\BOOKMARK [1][-]{section.1.2}{\376\377\000A\000n\000t\000i\000m\000i\000c\000r\000o\000b\000i\000a\000l\000\040\000P\000e\000p\000t\000i\000d\000e\000s\000\040\000\050\000A\000M\000P\000\051}{chapter.1}% 3
\BOOKMARK [1][-]{section.1.3}{\376\377\000E\000x\000e\000m\000p\000l\000e\000\040\000s\000o\000u\000r\000c\000e\000s\000\040\000o\000f\000\040\000A\000M\000P\000s}{chapter.1}% 4
\BOOKMARK [1][-]{section.1.4}{\376\377\000S\000e\000q\000u\000e\000n\000c\000i\000n\000g}{chapter.1}% 5
\BOOKMARK [1][-]{section.1.5}{\376\377\000A\000M\000P\000\040\000d\000a\000t\000a\000b\000a\000s\000e\000s}{chapter.1}% 6
\BOOKMARK [2][-]{subsection.1.5.1}{\376\377\000T\000h\000e\000\040\000D\000a\000t\000a\000b\000a\000s\000e\000\040\000o\000f\000\040\000A\000n\000t\000i\000m\000i\000c\000r\000o\000b\000i\000a\000l\000\040\000A\000c\000t\000i\000v\000i\000t\000y\000\040\000a\000n\000d\000\040\000S\000t\000r\000u\000c\000t\000u\000r\000e\000\040\000o\000f\000\040\000P\000e\000p\000t\000i\000d\000e\000s\000\040\000\050\000D\000B\000A\000A\000S\000P\000\051\000.}{section.1.5}% 7
\BOOKMARK [2][-]{subsection.1.5.2}{\376\377\000T\000h\000e\000\040\000A\000n\000t\000i\000m\000i\000c\000r\000o\000b\000i\000a\000l\000\040\000P\000e\000p\000t\000i\000d\000e\000\040\000D\000a\000t\000a\000b\000a\000s\000e\000\040\000\050\000A\000P\000D\000\051\000.}{section.1.5}% 8
\BOOKMARK [2][-]{subsection.1.5.3}{\376\377\000T\000h\000e\000\040\000D\000a\000t\000a\000b\000a\000s\000e\000\040\000o\000f\000\040\000R\000e\000s\000e\000a\000r\000c\000h\000\040\000o\000n\000\040\000A\000n\000t\000i\000m\000i\000c\000r\000o\000b\000i\000a\000l\000\040\000P\000e\000p\000t\000i\000d\000e\000s\000\040\000\050\000D\000R\000A\000M\000P\000\051\000.}{section.1.5}% 9
\BOOKMARK [2][-]{subsection.1.5.4}{\376\377\000R\000e\000l\000e\000v\000a\000n\000c\000e\000\040\000t\000o\000\040\000c\000o\000m\000p\000u\000t\000a\000t\000i\000o\000n\000a\000l\000\040\000p\000r\000e\000d\000i\000c\000t\000i\000o\000n\000.}{section.1.5}% 10
\BOOKMARK [1][-]{section.1.6}{\376\377\000D\000e\000s\000i\000g\000n\000i\000n\000g\000\040\000a\000l\000t\000e\000r\000n\000a\000t\000i\000v\000e\000\040\000d\000r\000u\000g\000s}{chapter.1}% 11
\BOOKMARK [2][-]{subsection.1.6.1}{\376\377\000A\000M\000P\000s\000\040\000a\000s\000\040\000c\000a\000n\000d\000i\000d\000a\000t\000e\000s\000\040\000b\000e\000y\000o\000n\000d\000\040\000c\000o\000n\000v\000e\000n\000t\000i\000o\000n\000a\000l\000\040\000a\000n\000t\000i\000b\000i\000o\000t\000i\000c\000s\000.}{section.1.6}% 12
\BOOKMARK [2][-]{subsection.1.6.2}{\376\377\000E\000x\000p\000a\000n\000d\000i\000n\000g\000\040\000t\000h\000e\000r\000a\000p\000e\000u\000t\000i\000c\000\040\000r\000o\000l\000e\000s\000.}{section.1.6}% 13
\BOOKMARK [2][-]{subsection.1.6.3}{\376\377\000D\000e\000s\000i\000g\000n\000\040\000a\000n\000d\000\040\000o\000p\000t\000i\000m\000i\000z\000a\000t\000i\000o\000n\000\040\000s\000t\000r\000a\000t\000e\000g\000i\000e\000s\000.}{section.1.6}% 14
\BOOKMARK [2][-]{subsection.1.6.4}{\376\377\000A\000M\000P\000s\000\040\000i\000n\000\040\000c\000l\000i\000n\000i\000c\000a\000l\000\040\000d\000e\000v\000e\000l\000o\000p\000m\000e\000n\000t\000.}{section.1.6}% 15
\BOOKMARK [2][-]{subsection.1.6.5}{\376\377\000I\000m\000p\000l\000i\000c\000a\000t\000i\000o\000n\000s\000\040\000f\000o\000r\000\040\000f\000u\000t\000u\000r\000e\000\040\000d\000r\000u\000g\000\040\000d\000i\000s\000c\000o\000v\000e\000r\000y\000.}{section.1.6}% 16
\BOOKMARK [1][-]{section.1.7}{\376\377\000N\000u\000m\000e\000r\000i\000c\000a\000l\000\040\000a\000p\000p\000l\000i\000c\000a\000t\000i\000o\000n}{chapter.1}% 17
\BOOKMARK [1][-]{section.1.8}{\376\377\000F\000e\000a\000t\000u\000r\000e\000\040\000e\000n\000g\000i\000n\000e\000e\000r\000i\000n\000g}{chapter.1}% 18
\BOOKMARK [2][-]{subsection.1.8.1}{\376\377\000A\000m\000i\000n\000o\000\040\000a\000c\000i\000d\000\040\000c\000o\000m\000p\000o\000s\000i\000t\000i\000o\000n\000.}{section.1.8}% 19
\BOOKMARK [2][-]{subsection.1.8.2}{\376\377\000P\000h\000y\000s\000i\000c\000o\000c\000h\000e\000m\000i\000c\000a\000l\000\040\000p\000r\000o\000p\000e\000r\000t\000i\000e\000s\000.}{section.1.8}% 20
\BOOKMARK [2][-]{subsection.1.8.3}{\376\377\000E\000v\000o\000l\000u\000t\000i\000o\000n\000a\000r\000y\000\040\000a\000n\000d\000\040\000b\000i\000o\000l\000o\000g\000i\000c\000a\000l\000\040\000c\000o\000n\000t\000e\000x\000t\000\040\000f\000e\000a\000t\000u\000r\000e\000s\000.}{section.1.8}% 21
\BOOKMARK [2][-]{subsection.1.8.4}{\376\377\000I\000n\000t\000e\000g\000r\000a\000t\000i\000v\000e\000\040\000r\000e\000p\000r\000e\000s\000e\000n\000t\000a\000t\000i\000o\000n\000.}{section.1.8}% 22
\BOOKMARK [1][-]{section.1.9}{\376\377\000F\000e\000a\000t\000u\000r\000e\000\040\000s\000e\000l\000e\000c\000t\000i\000o\000n}{chapter.1}% 23
\BOOKMARK [2][-]{subsection.1.9.1}{\376\377\000T\000h\000e\000\040\000n\000e\000e\000d\000\040\000f\000o\000r\000\040\000f\000e\000a\000t\000u\000r\000e\000\040\000s\000e\000l\000e\000c\000t\000i\000o\000n\000\040\000i\000n\000\040\000A\000M\000P\000\040\000p\000r\000e\000d\000i\000c\000t\000i\000o\000n\000.}{section.1.9}% 24
\BOOKMARK [2][-]{subsection.1.9.2}{\376\377\000F\000i\000l\000t\000e\000r\000-\000b\000a\000s\000e\000d\000\040\000m\000e\000t\000h\000o\000d\000s\000.}{section.1.9}% 25
\BOOKMARK [2][-]{subsection.1.9.3}{\376\377\000W\000r\000a\000p\000p\000e\000r\000-\000b\000a\000s\000e\000d\000\040\000m\000e\000t\000h\000o\000d\000s\000.}{section.1.9}% 26
\BOOKMARK [2][-]{subsection.1.9.4}{\376\377\000E\000m\000b\000e\000d\000d\000e\000d\000\040\000m\000e\000t\000h\000o\000d\000s\000.}{section.1.9}% 27
\BOOKMARK [2][-]{subsection.1.9.5}{\376\377\000D\000i\000m\000e\000n\000s\000i\000o\000n\000a\000l\000i\000t\000y\000\040\000r\000e\000d\000u\000c\000t\000i\000o\000n\000\040\000t\000e\000c\000h\000n\000i\000q\000u\000e\000s\000.}{section.1.9}% 28
\BOOKMARK [2][-]{subsection.1.9.6}{\376\377\000B\000a\000l\000a\000n\000c\000i\000n\000g\000\040\000i\000n\000t\000e\000r\000p\000r\000e\000t\000a\000b\000i\000l\000i\000t\000y\000\040\000a\000n\000d\000\040\000p\000r\000e\000d\000i\000c\000t\000i\000v\000e\000\040\000p\000o\000w\000e\000r\000.}{section.1.9}% 29
\BOOKMARK [1][-]{section.1.10}{\376\377\000M\000a\000c\000h\000i\000n\000e\000\040\000L\000e\000a\000r\000n\000i\000n\000g\000\040\000M\000e\000t\000h\000o\000d\000s}{chapter.1}% 30
\BOOKMARK [2][-]{subsection.1.10.1}{\376\377\000N\000a\000\357\000v\000e\000\040\000B\000a\000y\000e\000s\000\040\000C\000l\000a\000s\000s\000i\000f\000i\000e\000r}{section.1.10}% 31
\BOOKMARK [2][-]{subsection.1.10.2}{\376\377\000R\000a\000n\000d\000o\000m\000\040\000F\000o\000r\000e\000s\000t\000s}{section.1.10}% 32
\BOOKMARK [2][-]{subsection.1.10.3}{\376\377\000M\000u\000l\000t\000i\000-\000l\000a\000y\000e\000r\000\040\000P\000e\000r\000c\000e\000p\000t\000r\000o\000n\000\040\000\050\000M\000L\000P\000\051\000.}{section.1.10}% 33
\BOOKMARK [2][-]{subsection.1.10.4}{\376\377\000S\000u\000p\000p\000o\000r\000t\000\040\000V\000e\000c\000t\000o\000r\000\040\000M\000a\000c\000h\000i\000n\000e\000s\000\040\000\050\000S\000V\000M\000\051\000.}{section.1.10}% 34
\BOOKMARK [2][-]{subsection.1.10.5}{\376\377\000C\000o\000n\000v\000o\000l\000u\000t\000i\000o\000n\000a\000l\000\040\000N\000e\000u\000r\000a\000l\000\040\000N\000e\000t\000w\000o\000r\000k\000s\000\040\000\050\000C\000N\000N\000\051\000.}{section.1.10}% 35
\BOOKMARK [2][-]{subsection.1.10.6}{\376\377\000M\000o\000d\000e\000l\000\040\000S\000e\000l\000e\000c\000t\000i\000o\000n\000\040\000i\000n\000\040\000A\000M\000P\000\040\000P\000r\000e\000d\000i\000c\000t\000i\000o\000n}{section.1.10}% 36
\BOOKMARK [1][-]{section.1.11}{\376\377\000M\000o\000d\000e\000l\000\040\000E\000v\000a\000l\000u\000a\000t\000i\000o\000n}{chapter.1}% 37
\BOOKMARK [2][-]{subsection.1.11.1}{\376\377\000C\000r\000o\000s\000s\000-\000V\000a\000l\000i\000d\000a\000t\000i\000o\000n\000\040\000A\000p\000p\000r\000o\000a\000c\000h\000e\000s}{section.1.11}% 38
\BOOKMARK [2][-]{subsection.1.11.2}{\376\377\000E\000v\000a\000l\000u\000a\000t\000i\000o\000n\000\040\000M\000e\000t\000r\000i\000c\000s}{section.1.11}% 39
\BOOKMARK [2][-]{subsection.1.11.3}{\376\377\000O\000v\000e\000r\000f\000i\000t\000t\000i\000n\000g\000\040\000a\000n\000d\000\040\000G\000e\000n\000e\000r\000a\000l\000i\000z\000a\000t\000i\000o\000n}{section.1.11}% 40
\BOOKMARK [2][-]{subsection.1.11.4}{\376\377\000C\000o\000m\000p\000a\000r\000i\000s\000o\000n\000\040\000A\000c\000r\000o\000s\000s\000\040\000M\000e\000t\000h\000o\000d\000s}{section.1.11}% 41
\BOOKMARK [2][-]{subsection.1.11.5}{\376\377\000R\000e\000l\000e\000v\000a\000n\000c\000e\000\040\000t\000o\000\040\000B\000i\000o\000l\000o\000g\000i\000c\000a\000l\000\040\000I\000n\000t\000e\000r\000p\000r\000e\000t\000a\000t\000i\000o\000n}{section.1.11}% 42
\BOOKMARK [2][-]{subsection.1.11.6}{\376\377\000C\000o\000n\000c\000l\000u\000d\000i\000n\000g\000\040\000R\000e\000m\000a\000r\000k\000s}{section.1.11}% 43
\BOOKMARK [1][-]{section.1.12}{\376\377\000M\000u\000l\000t\000i\000-\000c\000l\000a\000s\000s\000\040\000p\000r\000e\000d\000i\000c\000t\000i\000o\000n}{chapter.1}% 44
\BOOKMARK [2][-]{subsection.1.12.1}{\376\377\000C\000h\000a\000l\000l\000e\000n\000g\000e\000s\000\040\000i\000n\000\040\000M\000u\000l\000t\000i\000-\000c\000l\000a\000s\000s\000\040\000P\000r\000e\000d\000i\000c\000t\000i\000o\000n}{section.1.12}% 45
\BOOKMARK [2][-]{subsection.1.12.2}{\376\377\000M\000a\000c\000h\000i\000n\000e\000\040\000L\000e\000a\000r\000n\000i\000n\000g\000\040\000S\000t\000r\000a\000t\000e\000g\000i\000e\000s}{section.1.12}% 46
\BOOKMARK [2][-]{subsection.1.12.3}{\376\377\000E\000v\000a\000l\000u\000a\000t\000i\000o\000n\000\040\000o\000f\000\040\000M\000u\000l\000t\000i\000-\000c\000l\000a\000s\000s\000\040\000M\000o\000d\000e\000l\000s}{section.1.12}% 47
\BOOKMARK [2][-]{subsection.1.12.4}{\376\377\000B\000i\000o\000l\000o\000g\000i\000c\000a\000l\000\040\000S\000i\000g\000n\000i\000f\000i\000c\000a\000n\000c\000e}{section.1.12}% 48
